// Jest Snapshot v1, https://goo.gl/fbAQLP

exports[`Testing Snapshot for PollType.js Renders 1`] = `
<div
  className="makeStyles-root-1"
>
  <div
    className="MuiGrid-root MuiGrid-container MuiGrid-spacing-xs-1"
  >
    <h4>
      Questions Type
    </h4>
    <div
      className="MuiGrid-root MuiGrid-container MuiGrid-spacing-xs-3 MuiGrid-item MuiGrid-align-items-xs-center MuiGrid-grid-xs-12"
    >
      <div
        aria-label="text alignment"
        className="MuiButtonGroup-root"
        exclusive={true}
        onChange={[Function]}
        role="group"
        style={
          Object {
            "marginBottom": "20px",
          }
        }
        value="mc"
      >
        <button
          aria-label="multiplechoice"
          className="MuiButtonBase-root MuiButton-root MuiButton-outlined MuiButtonGroup-grouped MuiButtonGroup-groupedHorizontal MuiButtonGroup-groupedOutlined MuiButtonGroup-groupedOutlinedHorizontal MuiButtonGroup-groupedOutlined makeStyles-togglebtn-2"
          disabled={false}
          onBlur={[Function]}
          onClick={[Function]}
          onDragLeave={[Function]}
          onFocus={[Function]}
          onKeyDown={[Function]}
          onKeyUp={[Function]}
          onMouseDown={[Function]}
          onMouseLeave={[Function]}
          onMouseUp={[Function]}
          onTouchEnd={[Function]}
          onTouchMove={[Function]}
          onTouchStart={[Function]}
          tabIndex={0}
          type="button"
          value="mc"
        >
          <span
            className="MuiButton-label"
          >
            <svg
              aria-hidden={true}
              className="MuiSvgIcon-root makeStyles-icon-3 MuiSvgIcon-fontSizeLarge"
              focusable="false"
              viewBox="0 0 24 24"
            >
              <path
                d="M10 20h4V4h-4v16zm-6 0h4v-8H4v8zM16 9v11h4V9h-4z"
              />
            </svg>
            <h5>
              Multiple Choice
            </h5>
          </span>
        </button>
        <button
          aria-label="rating"
          className="MuiButtonBase-root MuiButton-root MuiButton-outlined MuiButtonGroup-grouped MuiButtonGroup-groupedHorizontal MuiButtonGroup-groupedOutlined MuiButtonGroup-groupedOutlinedHorizontal MuiButtonGroup-groupedOutlined makeStyles-togglebtn-2"
          disabled={false}
          onBlur={[Function]}
          onClick={[Function]}
          onDragLeave={[Function]}
          onFocus={[Function]}
          onKeyDown={[Function]}
          onKeyUp={[Function]}
          onMouseDown={[Function]}
          onMouseLeave={[Function]}
          onMouseUp={[Function]}
          onTouchEnd={[Function]}
          onTouchMove={[Function]}
          onTouchStart={[Function]}
          tabIndex={0}
          type="button"
          value="ic"
        >
          <span
            className="MuiButton-label"
          >
            <svg
              aria-hidden={true}
              className="MuiSvgIcon-root makeStyles-icon-3 MuiSvgIcon-fontSizeLarge"
              focusable="false"
              viewBox="0 0 24 24"
            >
              <path
                d="M22 9.24l-7.19-.62L12 2 9.19 8.63 2 9.24l5.46 4.73L5.82 21 12 17.27 18.18 21l-1.63-7.03L22 9.24zM12 15.4l-3.76 2.27 1-4.28-3.32-2.88 4.38-.38L12 6.1l1.71 4.04 4.38.38-3.32 2.88 1 4.28L12 15.4z"
              />
            </svg>
            <h5>
              RATING
            </h5>
          </span>
        </button>
      </div>
    </div>
    <div
      className="MuiGrid-root MuiGrid-container MuiGrid-spacing-xs-3 MuiGrid-item MuiGrid-align-items-xs-center MuiGrid-grid-xs-12"
    >
      <div
        aria-label="text alignment"
        className="MuiButtonGroup-root"
        exclusive={true}
        onChange={[Function]}
        role="group"
        style={
          Object {
            "marginBottom": "20px",
          }
        }
        value="mc"
      >
        <button
          aria-label="open ended"
          className="MuiButtonBase-root MuiButton-root MuiButton-outlined MuiButtonGroup-grouped MuiButtonGroup-groupedHorizontal MuiButtonGroup-groupedOutlined MuiButtonGroup-groupedOutlinedHorizontal MuiButtonGroup-groupedOutlined makeStyles-togglebtn-2"
          disabled={false}
          onBlur={[Function]}
          onClick={[Function]}
          onDragLeave={[Function]}
          onFocus={[Function]}
          onKeyDown={[Function]}
          onKeyUp={[Function]}
          onMouseDown={[Function]}
          onMouseLeave={[Function]}
          onMouseUp={[Function]}
          onTouchEnd={[Function]}
          onTouchMove={[Function]}
          onTouchStart={[Function]}
          tabIndex={0}
          type="button"
          value="oe"
        >
          <span
            className="MuiButton-label"
          >
            <svg
              aria-hidden={true}
              className="MuiSvgIcon-root makeStyles-icon-3 MuiSvgIcon-fontSizeLarge"
              focusable="false"
              viewBox="0 0 24 24"
            >
              <path
                d="M19 3h-4.18C14.4 1.84 13.3 1 12 1s-2.4.84-2.82 2H5c-1.1 0-2 .9-2 2v14c0 1.1.9 2 2 2h14c1.1 0 2-.9 2-2V5c0-1.1-.9-2-2-2zm-7 0c.55 0 1 .45 1 1s-.45 1-1 1-1-.45-1-1 .45-1 1-1zm1 14H8c-.55 0-1-.45-1-1s.45-1 1-1h5c.55 0 1 .45 1 1s-.45 1-1 1zm3-4H8c-.55 0-1-.45-1-1s.45-1 1-1h8c.55 0 1 .45 1 1s-.45 1-1 1zm0-4H8c-.55 0-1-.45-1-1s.45-1 1-1h8c.55 0 1 .45 1 1s-.45 1-1 1z"
              />
            </svg>
            <h5>
              Open Ended
            </h5>
          </span>
        </button>
        <button
          aria-label="word cloud"
          className="MuiButtonBase-root MuiButton-root MuiButton-outlined MuiButtonGroup-grouped MuiButtonGroup-groupedHorizontal MuiButtonGroup-groupedOutlined MuiButtonGroup-groupedOutlinedHorizontal MuiButtonGroup-groupedOutlined makeStyles-togglebtn-2"
          disabled={false}
          onBlur={[Function]}
          onClick={[Function]}
          onDragLeave={[Function]}
          onFocus={[Function]}
          onKeyDown={[Function]}
          onKeyUp={[Function]}
          onMouseDown={[Function]}
          onMouseLeave={[Function]}
          onMouseUp={[Function]}
          onTouchEnd={[Function]}
          onTouchMove={[Function]}
          onTouchStart={[Function]}
          tabIndex={0}
          type="button"
          value="wc"
        >
          <span
            className="MuiButton-label"
          >
            <svg
              aria-hidden={true}
              className="MuiSvgIcon-root makeStyles-icon-3 MuiSvgIcon-fontSizeLarge"
              focusable="false"
              viewBox="0 0 24 24"
            >
              <path
                d="M19.35 10.04C18.67 6.59 15.64 4 12 4 9.11 4 6.6 5.64 5.35 8.04 2.34 8.36 0 10.91 0 14c0 3.31 2.69 6 6 6h13c2.76 0 5-2.24 5-5 0-2.64-2.05-4.78-4.65-4.96z"
              />
            </svg>
            <h5>
              Word Cloud
            </h5>
          </span>
        </button>
      </div>
    </div>
    <div
      className="MuiGrid-root MuiGrid-container MuiGrid-spacing-xs-3 MuiGrid-item MuiGrid-align-items-xs-center MuiGrid-grid-xs-12"
    >
      <div
        aria-label="text alignment"
        className="MuiButtonGroup-root"
        exclusive={true}
        onChange={[Function]}
        role="group"
        style={
          Object {
            "marginBottom": "20px",
          }
        }
        value="mc"
      >
        <button
          aria-label="scales"
          className="MuiButtonBase-root MuiButton-root MuiButton-outlined MuiButtonGroup-grouped MuiButtonGroup-groupedHorizontal MuiButtonGroup-groupedOutlined MuiButtonGroup-groupedOutlinedHorizontal MuiButtonGroup-groupedOutlined makeStyles-togglebtn-2"
          disabled={false}
          onBlur={[Function]}
          onClick={[Function]}
          onDragLeave={[Function]}
          onFocus={[Function]}
          onKeyDown={[Function]}
          onKeyUp={[Function]}
          onMouseDown={[Function]}
          onMouseLeave={[Function]}
          onMouseUp={[Function]}
          onTouchEnd={[Function]}
          onTouchMove={[Function]}
          onTouchStart={[Function]}
          tabIndex={0}
          type="button"
          value="sc"
        >
          <span
            className="MuiButton-label"
          >
            <svg
              aria-hidden={true}
              className="MuiSvgIcon-root makeStyles-icon-3 MuiSvgIcon-fontSizeLarge"
              focusable="false"
              viewBox="0 0 24 24"
            >
              <path
                d="M3 17v2h6v-2H3zM3 5v2h10V5H3zm10 16v-2h8v-2h-8v-2h-2v6h2zM7 9v2H3v2h4v2h2V9H7zm14 4v-2H11v2h10zm-6-4h2V7h4V5h-4V3h-2v6z"
              />
            </svg>
            <h5>
              Scales
            </h5>
          </span>
        </button>
        <button
          aria-label="Q and A"
          className="MuiButtonBase-root MuiButton-root MuiButton-outlined MuiButtonGroup-grouped MuiButtonGroup-groupedHorizontal MuiButtonGroup-groupedOutlined MuiButtonGroup-groupedOutlinedHorizontal MuiButtonGroup-groupedOutlined makeStyles-togglebtn-2"
          disabled={false}
          onBlur={[Function]}
          onClick={[Function]}
          onDragLeave={[Function]}
          onFocus={[Function]}
          onKeyDown={[Function]}
          onKeyUp={[Function]}
          onMouseDown={[Function]}
          onMouseLeave={[Function]}
          onMouseUp={[Function]}
          onTouchEnd={[Function]}
          onTouchMove={[Function]}
          onTouchStart={[Function]}
          tabIndex={0}
          type="button"
          value="qa"
        >
          <span
            className="MuiButton-label"
          >
            <svg
              aria-hidden={true}
              className="MuiSvgIcon-root makeStyles-icon-3 MuiSvgIcon-fontSizeLarge"
              focusable="false"
              viewBox="0 0 24 24"
            >
              <path
                d="M21 6h-2v9H6v2c0 .55.45 1 1 1h11l4 4V7c0-.55-.45-1-1-1zm-4 6V3c0-.55-.45-1-1-1H3c-.55 0-1 .45-1 1v14l4-4h10c.55 0 1-.45 1-1z"
              />
            </svg>
            <h5>
              Q and A
            </h5>
          </span>
        </button>
      </div>
    </div>
  </div>
</div>
`;
